
> wireblog-frontend@1.0.0 start
> ng serve --host 127.0.0.1

Initial chunk files | Names                     |  Raw size
polyfills.js        | polyfills                 |  88.09 kB | 
main.js             | main                      |  29.51 kB | 
styles.css          | styles                    |  27.44 kB | 
chunk-CE4WAH5V.js   | -                         |   2.06 kB | 
chunk-WGO7K5WG.js   | -                         |   1.34 kB | 
chunk-AZKP7HSQ.js   | -                         |   1.05 kB | 
chunk-EDLFZHRY.js   | -                         | 852 bytes | 

                    | Initial total             | 150.32 kB

Lazy chunk files    | Names                     |  Raw size
chunk-TIOKCU4T.js   | post-detail-component     |  27.74 kB | 
chunk-WOWS3LST.js   | admin-dashboard-component |  23.48 kB | 
chunk-AGAO6Z55.js   | home-component            |  20.99 kB | 
chunk-K4W34AVT.js   | my-stories-component      |  13.77 kB | 
chunk-BP7JGW43.js   | post-editor-component     |  13.47 kB | 
chunk-V5U722JG.js   | account-action-component  |  11.48 kB | 
chunk-WO3F63MN.js   | -                         |   9.97 kB | 
chunk-ZUPO6AUK.js   | register-component        |   9.95 kB | 
chunk-TMZ7PMEM.js   | news-feed-component       |   9.51 kB | 
chunk-3A7HWA46.js   | login-component           |   7.12 kB | 
chunk-7IZH6LK4.js   | -                         |   1.71 kB | 
chunk-YDYHZGLF.js   | -                         | 849 bytes | 

Application bundle generation complete. [16.792 seconds]

Watch mode enabled. Watching for file changes...
  ➜  Local:   http://127.0.0.1:4200/
Initial chunk files | Names                 | Raw size
main.js             | main                  | 29.52 kB | 

Lazy chunk files    | Names                 | Raw size
chunk-QXOCN4MR.js   | post-detail-component | 27.79 kB | 
chunk-VIALIZ57.js   | home-component        | 20.99 kB | 
chunk-QORQS5MX.js   | my-stories-component  | 13.77 kB | 
chunk-EOG4FW65.js   | post-editor-component | 13.47 kB | 
chunk-J5MWDFM4.js   | -                     |  1.70 kB | 

Application bundle generation complete. [5.254 seconds]

Page reload sent to client(s).

No output file changes.

Application bundle generation complete. [0.527 seconds]

